{
  "0e86a32c": "console.log(yes);\n    ",
  "4bb2f7a9": "",
  "431e3297": "console.log(\"no\")\n    ",
  "46ed3a3d": "console.log(yes);\n    ",
  "05b4538a0": "",
  "07d7fff32": "console.log(\"no\")\n    "
}