{
  "0e86a32c": "console.log(yes);\n    ",
  "4bb2f7a9": "",
  "431e3297": "console.log(\"no\")\n    "
}